// Jest Snapshot v1, https://goo.gl/fbAQLP

exports[`Button snapshot test Button snapshot 1`] = `
<div>
  <div
    class="app light"
  >
    <button
      class="Button undefined"
      type="button"
    >
      кнопка
    </button>
  </div>
</div>
`;
